// Jest Snapshot v1, https://goo.gl/fbAQLP

exports[`Card renders correctly 1`] = `
<article
  className="small-movie-card catalog__movies-card"
  onMouseEnter={[Function]}
  onMouseLeave={[Function]}
>
  <div
    className="small-movie-card__image"
  >
    <img
      alt="Matrix"
      height="175"
      src="https://es31-server.appspot.com/wtw/static/film/preview/matrix.jpg"
      width="280"
    />
  </div>
  <h3
    className="small-movie-card__title"
  >
    <Link
      className="small-movie-card__link"
      to={
        Object {
          "pathname": "/films/1/",
          "state": Object {
            "currentDataFilter": "Action",
            "currentDataItemId": 1,
          },
        }
      }
    >
      Matrix
    </Link>
  </h3>
</article>
`;
