// Jest Snapshot v1, https://goo.gl/fbAQLP

exports[`Filters renders correctly 1`] = `
<ul
  className="catalog__genres-list"
>
  <li
    className="catalog__genres-item catalog__genres-item--active"
    key="All genres"
  >
    <Link
      className="catalog__genres-link"
      onClick={[Function]}
      to="/?filter=All genres"
    >
      All genres
    </Link>
  </li>
  <li
    className="catalog__genres-item "
    key="Adventure"
  >
    <Link
      className="catalog__genres-link"
      onClick={[Function]}
      to="/?filter=Adventure"
    >
      Adventure
    </Link>
  </li>
  <li
    className="catalog__genres-item "
    key="Action"
  >
    <Link
      className="catalog__genres-link"
      onClick={[Function]}
      to="/?filter=Action"
    >
      Action
    </Link>
  </li>
  <li
    className="catalog__genres-item "
    key="Crime"
  >
    <Link
      className="catalog__genres-link"
      onClick={[Function]}
      to="/?filter=Crime"
    >
      Crime
    </Link>
  </li>
  <li
    className="catalog__genres-item "
    key="Comedy"
  >
    <Link
      className="catalog__genres-link"
      onClick={[Function]}
      to="/?filter=Comedy"
    >
      Comedy
    </Link>
  </li>
  <li
    className="catalog__genres-item "
    key="Drama"
  >
    <Link
      className="catalog__genres-link"
      onClick={[Function]}
      to="/?filter=Drama"
    >
      Drama
    </Link>
  </li>
  <li
    className="catalog__genres-item "
    key="Fantasy"
  >
    <Link
      className="catalog__genres-link"
      onClick={[Function]}
      to="/?filter=Fantasy"
    >
      Fantasy
    </Link>
  </li>
  <li
    className="catalog__genres-item "
    key="Thriller"
  >
    <Link
      className="catalog__genres-link"
      onClick={[Function]}
      to="/?filter=Thriller"
    >
      Thriller
    </Link>
  </li>
</ul>
`;
