// Jest Snapshot v1, https://goo.gl/fbAQLP

exports[`CardList renders correctly 1`] = `
<div
  className="catalog__movies-list"
>
  <article
    className="small-movie-card catalog__movies-card"
    onMouseEnter={[Function]}
    onMouseLeave={[Function]}
  >
    
    <div
      className="small-movie-card__image"
    >
      <img
        alt="Matrix"
        height="175"
        src="https://es31-server.appspot.com/wtw/static/film/preview/matrix.jpg"
        width="280"
      />
    </div>
    <h3
      className="small-movie-card__title"
    >
      Action
      <br />
      <a
        className="small-movie-card__link"
        href="/films/1/"
        onClick={[Function]}
      >
        Matrix
      </a>
    </h3>
  </article>
  <article
    className="small-movie-card catalog__movies-card"
    onMouseEnter={[Function]}
    onMouseLeave={[Function]}
  >
    
    <div
      className="small-movie-card__image"
    >
      <img
        alt="Johnny English"
        height="175"
        src="https://es31-server.appspot.com/wtw/static/film/preview/johnny-english.jpg"
        width="280"
      />
    </div>
    <h3
      className="small-movie-card__title"
    >
      Comedy
      <br />
      <a
        className="small-movie-card__link"
        href="/films/2/"
        onClick={[Function]}
      >
        Johnny English
      </a>
    </h3>
  </article>
</div>
`;
