// Jest Snapshot v1, https://goo.gl/fbAQLP

exports[`GenresList renders correctly 1`] = `
<ul
  className="catalog__genres-list"
>
  <li
    className="catalog__genres-item catalog__genres-item--active"
  >
    <a
      className="catalog__genres-link"
      onClick={[Function]}
    >
      All genres
    </a>
  </li>
  <li
    className="catalog__genres-item "
  >
    <a
      className="catalog__genres-link"
      onClick={[Function]}
    >
      comedies
    </a>
  </li>
  <li
    className="catalog__genres-item "
  >
    <a
      className="catalog__genres-link"
      onClick={[Function]}
    >
      documentaries
    </a>
  </li>
  <li
    className="catalog__genres-item "
  >
    <a
      className="catalog__genres-link"
      onClick={[Function]}
    >
      dramas
    </a>
  </li>
</ul>
`;
