// Jest Snapshot v1, https://goo.gl/fbAQLP

exports[`VideoPlayer renders correctly 1`] = `
<Fragment>
  <video
    height="180"
    poster="https://es31-server.appspot.com/wtw/static/film/preview/matrix.jpg"
    width="280"
  >
    <source
      src="https://download.blender.org/durian/trailer/sintel_trailer-480p.mp4"
      type="video/mp4"
    />
  </video>
</Fragment>
`;
