// Jest Snapshot v1, https://goo.gl/fbAQLP

exports[`CardHero renders correctly 1`] = `
<ContextProvider
  value={
    Object {
      "store": Object {
        "clearActions": [Function],
        "dispatch": [Function],
        "getActions": [Function],
        "getState": [Function],
        "replaceReducer": [Function],
        "subscribe": [Function],
      },
      "subscription": Subscription {
        "handleChangeWrapper": [Function],
        "listeners": Object {
          "clear": [Function],
          "get": [Function],
          "notify": [Function],
          "subscribe": [Function],
        },
        "onStateChange": [Function],
        "parentSub": undefined,
        "store": Object {
          "clearActions": [Function],
          "dispatch": [Function],
          "getActions": [Function],
          "getState": [Function],
          "replaceReducer": [Function],
          "subscribe": [Function],
        },
        "unsubscribe": [Function],
      },
    }
  }
>
  <ConnectFunction
    data={
      Object {
        "backgroundColor": "#B9B27E",
        "backgroundImage": "https://es31-server.appspot.com/wtw/static/film/background/matrix.jpg",
        "description": "A computer hacker learns from mysterious rebels about the true nature of his reality and his role in the war against its controllers.",
        "director": "Wachowski Brothers",
        "genre": "Action",
        "id": 1,
        "isFavorite": false,
        "name": "Matrix",
        "posterImage": "https://es31-server.appspot.com/wtw/static/film/poster/matrix.jpg",
        "previewImage": "https://es31-server.appspot.com/wtw/static/film/preview/matrix.jpg",
        "previewVideoLink": "https://download.blender.org/durian/trailer/sintel_trailer-480p.mp4",
        "rating": 8.7,
        "released": 1999,
        "runTime": 136,
        "scoresCount": 1503092,
        "starring": Array [
          "Keanu Reeves",
          "Laurence Fishburne",
          "Carrie-Anne Moss",
        ],
        "videoLink": "http://peach.themazzone.com/durian/movies/sintel-1024-surround.mp4",
      }
    }
    reviews={
      Array [
        Object {
          "comment": "Discerning travellers and Wes Anderson fans will luxuriate in the glorious Mittel-European kitsch of one of the director's funniest and most exquisitely designed movies in years.",
          "date": "2019-05-08T14:13:56.569Z",
          "id": 1,
          "rating": 8.9,
          "user": Object {
            "id": 4,
            "name": "Kate Muir",
          },
        },
      ]
    }
  />
</ContextProvider>
`;
